
> .@1.0.0 build
> npm run typecheck && electron-vite build


> .@1.0.0 typecheck
> npm run typecheck:node && npm run typecheck:web


> .@1.0.0 typecheck:node
> tsc --noEmit -p tsconfig.node.json --composite false


> .@1.0.0 typecheck:web
> tsc --noEmit -p tsconfig.web.json --composite false

[36mvite v7.3.0 [32mbuilding ssr environment for production...[36m[39m
transforming...
[32mÔ£ô[39m 2 modules transformed.
rendering chunks...
[2mout/main/[22m[36mindex.js  [39m[1m[2m4.74 kB[22m[1m[22m
[32mÔ£ô built in 184ms[39m
[36mvite v7.3.0 [32mbuilding ssr environment for production...[36m[39m
transforming...
[32mÔ£ô[39m 1 modules transformed.
rendering chunks...
[2mout/preload/[22m[36mindex.js  [39m[1m[2m0.66 kB[22m[1m[22m
[32mÔ£ô built in 23ms[39m
[36mvite v7.3.0 [32mbuilding client environment for production...[36m[39m
transforming...
[32mÔ£ô[39m 2093 modules transformed.
rendering chunks...
[2m../../out/renderer/[22m[32mindex.html                 [39m[1m[2m  0.55 kB[22m[1m[22m
[2m../../out/renderer/[22m[35massets/index-BGVCAKNA.css  [39m[1m[2m  1.43 kB[22m[1m[22m
[2m../../out/renderer/[22m[36massets/index-BWkqgSOY.js   [39m[1m[33m811.17 kB[39m[22m
[32mÔ£ô built in 4.83s[39m
